../Core/Src/main.c:106:5:main	8	static
../Core/Src/main.c:210:6:SystemClock_Config	72	static
../Core/Src/main.c:247:13:MX_TIM3_Init	32	static
../Core/Src/main.c:289:13:MX_USART3_UART_Init	8	static
../Core/Src/main.c:320:13:MX_GPIO_Init	40	static
../Core/Src/main.c:384:6:fsm_DATASYS3	16	static
../Core/Src/main.c:519:6:leer_comando	24	static
../Core/Src/main.c:535:6:HAL_TIM_PeriodElapsedCallback	16	static
../Core/Src/main.c:540:6:HAL_UART_RxCpltCallback	24	static
../Core/Src/main.c:561:6:enviar_caracter	8	static
../Core/Src/main.c:567:6:asignar_caracter	8	static
../Core/Src/main.c:582:6:Error_Handler	4	static,ignoring_inline_asm
